// Jest Snapshot v1, https://goo.gl/fbAQLP

exports[`Let user Generate default application 1`] = `"http://bit.ly/2Mzdn9Z"`;

exports[`Let user customize an Application and Generate it 1`] = `"http://bit.ly/2Mzdn9Z"`;
